exports[`Header should render correctly 1`] = `
<div
  className="container">
  <div
    className="nav">
    <div
      className="nav-left">
      <div
        className="nav-item"
        onClick={[Function onClick]}>
        Top
      </div>
      <div
        className="nav-item"
        onClick={[Function onClick]}>
        Best
      </div>
      <div
        className="nav-item"
        onClick={[Function onClick]}>
        New
      </div>
      <div
        className="nav-item"
        onClick={[Function onClick]}>
        Ask
      </div>
      <div
        className="nav-item"
        onClick={[Function onClick]}>
        Show
      </div>
      <div
        className="nav-item"
        onClick={[Function onClick]}>
        Job
      </div>
    </div>
  </div>
</div>
`;
