exports[`PageSelector:snapshot should render correctly 1`] = `
<nav
  className="nav">
  <div
    className="pagination container">
    <a
      className="button"
      onClick={[Function noOp]}>
      Previous
    </a>
    <a
      className="button"
      onClick={[Function noOp]}>
      Next
    </a>
    <ul>
      <li>
        <a
          className="button is-hidden-mobile"
          onClick={[Function noOp]}>
           
          2
           
        </a>
      </li>
      <li>
        <a
          className="button is-hidden-mobile"
          onClick={[Function noOp]}>
           
          3
           
        </a>
      </li>
      <li>
        <a
          className="button is-hidden-mobile"
          onClick={[Function noOp]}>
           
          4
           
        </a>
      </li>
      <li>
        <a
          className="button is-hidden-mobile is-primary"
          onClick={[Function noOp]}>
           
          5
           
        </a>
      </li>
      <li>
        <a
          className="button is-hidden-mobile"
          onClick={[Function noOp]}>
           
          6
           
        </a>
      </li>
      <li>
        <a
          className="button is-hidden-mobile"
          onClick={[Function noOp]}>
           
          7
           
        </a>
      </li>
      <li>
        <a
          className="button is-hidden-mobile"
          onClick={[Function noOp]}>
           
          8
           
        </a>
      </li>
    </ul>
  </div>
</nav>
`;
